// Jest Snapshot v1, https://goo.gl/fbAQLP

exports[`App matches snapshot 1`] = `
<div>
  <div
    class="container flex flex-col full-screen mx-auto items-center"
    data-testid="user-profile-page"
  >
    <div
      class="navbar bg-base-100 fixed top-0 z-99"
    >
      <div
        class="dropdown justify-start min-w-12"
      >
        <div
          aria-label="Navigation menu"
          class="btn btn-ghost btn-circle size-12"
          role="button"
          tabindex="0"
        >
          <svg
            class="size-5"
            fill="none"
            stroke="currentColor"
            viewBox="0 0 24 24"
            xmlns="http://www.w3.org/2000/svg"
          >
            <path
              d="M4 6h16M4 12h16M4 18h7"
              stroke-linecap="round"
              stroke-linejoin="round"
              stroke-width="2"
            />
          </svg>
        </div>
        <ul
          class="dropdown-content menu z-90 shadow-sm bg-base-300 rounded-box mt-3"
          tabindex="0"
        >
          <li>
            <a
              href="/"
            >
              Overview
            </a>
          </li>
          <li>
            <button>
              Light mode
            </button>
          </li>
        </ul>
      </div>
      <div
        class="mx-auto shrink min-w-0"
        title="Scroll to top"
      >
        <div
          class="dropdown dropdown-center w-full"
        >
          <a
            aria-level="1"
            class="w-full px-0 text-nowrap font-semibold"
            role="heading"
            tabindex="-1"
          >
            <span
              class="px-4 leading-[2.75rem] truncate"
              style="font-size: 14px;"
            >
              User Profile
            </span>
          </a>
        </div>
      </div>
      <div
        class="justify-end min-w-12"
      >
        <button
          aria-label="Open QR scanner"
          class="btn btn-ghost btn-circle size-12"
          title="Open QR scanner"
        >
          <svg
            class="size-6"
            fill="none"
            height="1em"
            stroke="currentColor"
            stroke-linecap="round"
            stroke-linejoin="round"
            stroke-width="2"
            viewBox="0 0 24 24"
            width="1em"
            xmlns="http://www.w3.org/2000/svg"
          >
            <path
              d="M3 7V5a2 2 0 0 1 2-2h2"
            />
            <path
              d="M17 3h2a2 2 0 0 1 2 2v2"
            />
            <path
              d="M21 17v2a2 2 0 0 1-2 2h-2"
            />
            <path
              d="M7 21H5a2 2 0 0 1-2-2v-2"
            />
            <circle
              cx="12"
              cy="12"
              r="3"
            />
            <path
              d="m16 16-1.9-1.9"
            />
          </svg>
        </button>
      </div>
    </div>
    <div
      class="flex flex-col w-96 max-w-[100vw] gap-4 md:gap-6 px-4 md:mt-16"
    >
      <div
        class="collapse collapse-arrow bg-base-200 rounded-2xl"
        tabindex="0"
      >
        <input
          aria-label="Show Details form"
          checked=""
          name="my-accordion-2"
          type="radio"
        />
        <div
          class="collapse-title text-xl font-medium text-center p-4"
        >
          Details
        </div>
        <div
          class="collapse-content"
        >
          <div
            class="flex flex-col gap-4"
          >
            <div
              class="grid grid-cols-min-max gap-4"
            >
              <div
                class="my-auto text-nowrap"
              >
                First Name:
              </div>
              <input
                aria-label="First name input"
                class="input w-full"
                data-testid="first_name_input"
                name="first_name"
                type="text"
                value="Carlos"
              />
              <div
                class="my-auto text-nowrap"
              >
                Last Name:
              </div>
              <input
                aria-label="Last name input"
                class="input w-full"
                data-testid="last_name_input"
                name="last_name"
                type="text"
                value="Danger"
              />
              <div
                class="my-auto text-nowrap"
              >
                Email:
              </div>
              <div>
                <input
                  aria-label="Email address input"
                  autocapitalize="off"
                  class="input w-full"
                  data-testid="email_input"
                  name="email"
                  type="email"
                  value="totally.not.anthony.weiner@gmail.com"
                />
                <div
                  class="text-error text-sm text-center mt-2"
                >
                  <span>
                    Not verified â€” 
                  </span>
                  <span
                    class="underline cursor-pointer"
                  >
                    resend email
                  </span>
                </div>
              </div>
              <div
                class="my-auto text-nowrap"
              >
                Joined:
              </div>
              <div
                class="text-center"
              >
                <span
                  class="text-nowrap"
                >
                   April 5, 2025
                </span>
                <span>
                   
                </span>
                <span
                  class="text-nowrap"
                >
                  (
                  in 1 year
                  )
                </span>
              </div>
            </div>
            <button
              class="btn btn-accent mt-4"
              disabled=""
            >
              Save Changes
            </button>
          </div>
        </div>
      </div>
      <div
        class="collapse collapse-arrow bg-base-200 rounded-2xl"
        tabindex="0"
      >
        <input
          aria-label="Show Change Password form"
          name="my-accordion-2"
          type="radio"
        />
        <div
          class="collapse-title text-xl font-medium text-center p-4"
        >
          Change Password
        </div>
        <div
          class="collapse-content"
        >
          <form
            class="flex flex-col gap-2"
          >
            <label
              title="Must be at least 8 characters, can't be all numbers"
            >
              <span>
                Old password
              </span>
              <input
                class="input w-full"
                name="old_password"
                type="password"
                value=""
              />
            </label>
            <label
              title="Must be at least 8 characters, can't be all numbers"
            >
              <span>
                New password
              </span>
              <input
                class="input w-full"
                name="new_password1"
                type="password"
                value=""
              />
            </label>
            <label
              title="Must be at least 8 characters, can't be all numbers"
            >
              <span>
                Confirm new password
              </span>
              <input
                class="input w-full"
                name="new_password2"
                type="password"
                value=""
              />
            </label>
            <button
              class="btn btn-accent mt-6"
              disabled=""
            >
              Change Password
            </button>
          </form>
        </div>
      </div>
      <a
        class="btn btn-soft btn-error mx-4 mb-8"
        href="/accounts/logout/"
      >
        Log Out
      </a>
    </div>
  </div>
</div>
`;
