// Jest Snapshot v1, https://goo.gl/fbAQLP

exports[`App matches snapshot when only trays exist 1`] = `
<div
  className="container flex flex-col min-h-screen mx-auto pb-16"
>
  <div
    className="navbar bg-base-100 mb-4 sticky top-0 z-[99]"
  >
    <div
      className="navbar-start"
    >
      <div
        className="dropdown"
      >
        <div
          className="btn btn-ghost btn-circle"
          role="button"
          tabIndex={0}
        >
          <svg
            className="h-5 w-5"
            fill="none"
            stroke="currentColor"
            viewBox="0 0 24 24"
            xmlns="http://www.w3.org/2000/svg"
          >
            <path
              d="M4 6h16M4 12h16M4 18h7"
              strokeLinecap="round"
              strokeLinejoin="round"
              strokeWidth="2"
            />
          </svg>
        </div>
        <ul
          className="menu menu-md dropdown-content mt-3 z-[99]
                                    p-2 shadow bg-base-300 rounded-box w-52"
          tabIndex={0}
        >
          <li>
            <a
              onClick={[Function]}
            >
              Edit
            </a>
          </li>
          <li>
            <a
              onClick={[Function]}
            >
              Print QR Codes
            </a>
          </li>
          <li>
            <a
              onClick={[Function]}
            >
              Light mode
            </a>
          </li>
        </ul>
      </div>
    </div>
    <div
      className="navbar-center"
    >
      <a
        className="btn btn-ghost text-3xl"
      >
        Plant Overview
      </a>
    </div>
    <div
      className="navbar-end"
    />
  </div>
  <div
    className="collapse bg-base-200 w-96 px-4 mx-auto max-w-90 md:max-w-full"
  >
    <input
      defaultChecked={true}
      onChange={[Function]}
      type="checkbox"
    />
    <div
      className="collapse-title text-xl font-medium text-center"
    >
      Trays (1)
    </div>
    <div
      className="collapse-content"
    >
      <div
        className="px-4 mb-4 relative"
      >
        <input
          className="input input-bordered w-full text-center pr-10"
          onChange={[Function]}
          placeholder="filter"
          style={
            {
              "textIndent": "1.625rem",
            }
          }
          type="text"
          value=""
        />
        <button
          className="btn-close absolute right-6 top-2
                        opacity-0 -z-10"
          onClick={[Function]}
        >
          <svg
            aria-hidden="true"
            className="w-8 h-8"
            data-slot="icon"
            fill="currentColor"
            viewBox="0 0 16 16"
            xmlns="http://www.w3.org/2000/svg"
          >
            <path
              d="M5.28 4.22a.75.75 0 0 0-1.06 1.06L6.94 8l-2.72 2.72a.75.75 0 1 0 1.06 1.06L8 9.06l2.72 2.72a.75.75 0 1 0 1.06-1.06L9.06 8l2.72-2.72a.75.75 0 0 0-1.06-1.06L8 6.94 5.28 4.22Z"
            />
          </svg>
        </button>
      </div>
      <div
        className="mb-4"
      >
        <div
          className="card bg-neutral text-neutral-content mx-auto w-full"
          onClick={[Function]}
        >
          <div
            className="card-body text-center"
          >
            <h2
              className="card-title mx-auto"
            >
              Test tray
            </h2>
            <p>
              Contains 
              4
               plants
            </p>
          </div>
        </div>
      </div>
    </div>
  </div>
  <dialog
    className="modal"
  >
    <div
      className="modal-box text-center flex flex-col"
    >
      <h3
        className="font-bold text-lg mb-6"
      >
        Fetching QR Codes
      </h3>
      <span
        className="loading loading-spinner loading-lg mx-auto"
      />
      <div
        className="modal-action mx-auto"
      >
        <form
          method="dialog"
        >
          <button
            className="btn"
          >
            Cancel
          </button>
        </form>
      </div>
    </div>
  </dialog>
  <dialog
    className="modal"
  >
    <div
      className="modal-box text-center flex flex-col"
    >
      <h3
        className="font-bold text-lg mb-6"
      >
        Error
      </h3>
      <p>
        The URL_PREFIX environment variable is not set, check docker config
      </p>
      <div
        className="modal-action mx-auto"
      >
        <form
          method="dialog"
        >
          <button
            className="btn"
          >
            OK
          </button>
        </form>
      </div>
    </div>
  </dialog>
</div>
`;
