// Jest Snapshot v1, https://goo.gl/fbAQLP

exports[`App matches snapshot 1`] = `
{
  "asFragment": [Function],
  "baseElement": <body>
    <div>
      <div
        class="container flex flex-col h-screen mx-auto items-center"
      >
        <div
          class="navbar bg-base-100 mb-4 sticky top-0 z-[99]"
        >
          <div
            class="dropdown justify-start min-w-12"
          >
            <div
              class="btn btn-ghost btn-circle"
              role="button"
              tabindex="0"
            >
              <svg
                class="size-5"
                fill="none"
                stroke="currentColor"
                viewBox="0 0 24 24"
                xmlns="http://www.w3.org/2000/svg"
              >
                <path
                  d="M4 6h16M4 12h16M4 18h7"
                  stroke-linecap="round"
                  stroke-linejoin="round"
                  stroke-width="2"
                />
              </svg>
            </div>
            <ul
              class="dropdown-options mt-3 w-52"
              tabindex="0"
            >
              <li>
                <button>
                  Light mode
                </button>
              </li>
            </ul>
          </div>
          <div
            class="mx-auto shrink min-w-0"
            title="Scroll to top"
          >
            <div
              class="dropdown dropdown-center w-full"
            >
              <a
                class="btn btn-ghost w-full px-0 text-nowrap"
                role="button"
                tabindex="0"
              >
                <span
                  class="px-4 leading-[2.75rem] truncate"
                  style="font-size: 14px;"
                >
                  Login
                </span>
              </a>
              <div
                class="dropdown-content z-[1] flex"
                tabindex="0"
              />
            </div>
          </div>
          <div
            class="justify-end min-w-12"
          />
        </div>
        <div
          class="flex flex-col w-96 max-w-[100vw] gap-4 px-4 md:mt-16"
        >
          <form
            class="flex flex-col gap-4 mt-8"
          >
            <label
              class="form-control w-full"
              title="Username or email address"
            >
              <div
                class="label"
              >
                <span
                  class="label-text"
                >
                  Username
                </span>
              </div>
              <input
                autocapitalize="off"
                class="input w-full input-bordered"
                name="username"
                tabindex="1"
                type="text"
                value=""
              />
            </label>
            <label
              class="form-control w-full relative"
              title="Must be at least 8 characters, can't be all numbers"
            >
              <div
                class="label"
              >
                <span
                  class="label-text"
                >
                  Password
                </span>
              </div>
              <input
                class="input w-full input-bordered"
                name="password"
                tabindex="1"
                type="password"
                value=""
              />
            </label>
            <button
              class="btn btn-accent mt-6"
              disabled=""
              tabindex="1"
            >
              Login
            </button>
          </form>
        </div>
        <div
          class="pb-8"
        >
          <button
            class="text-center text-base-content mt-8 transition-all hover:text-white"
            tabindex="1"
          >
            Create account
          </button>
        </div>
      </div>
      <dialog
        class="modal"
      >
        <div
          class="modal-box text-center flex flex-col pt-4 "
        >
          <form
            method="dialog"
          >
            <button
              class="btn-close absolute right-4 top-4"
            >
              <svg
                aria-hidden="true"
                class="size-8"
                data-slot="icon"
                fill="currentColor"
                viewBox="0 0 16 16"
                xmlns="http://www.w3.org/2000/svg"
              >
                <path
                  d="M5.28 4.22a.75.75 0 0 0-1.06 1.06L6.94 8l-2.72 2.72a.75.75 0 1 0 1.06 1.06L8 9.06l2.72 2.72a.75.75 0 1 0 1.06-1.06L9.06 8l2.72-2.72a.75.75 0 0 0-1.06-1.06L8 6.94 5.28 4.22Z"
                />
              </svg>
            </button>
          </form>
        </div>
        <form
          class="modal-backdrop"
          method="dialog"
        >
          <button>
            close
          </button>
        </form>
      </dialog>
    </div>
  </body>,
  "container": <div>
    <div
      class="container flex flex-col h-screen mx-auto items-center"
    >
      <div
        class="navbar bg-base-100 mb-4 sticky top-0 z-[99]"
      >
        <div
          class="dropdown justify-start min-w-12"
        >
          <div
            class="btn btn-ghost btn-circle"
            role="button"
            tabindex="0"
          >
            <svg
              class="size-5"
              fill="none"
              stroke="currentColor"
              viewBox="0 0 24 24"
              xmlns="http://www.w3.org/2000/svg"
            >
              <path
                d="M4 6h16M4 12h16M4 18h7"
                stroke-linecap="round"
                stroke-linejoin="round"
                stroke-width="2"
              />
            </svg>
          </div>
          <ul
            class="dropdown-options mt-3 w-52"
            tabindex="0"
          >
            <li>
              <button>
                Light mode
              </button>
            </li>
          </ul>
        </div>
        <div
          class="mx-auto shrink min-w-0"
          title="Scroll to top"
        >
          <div
            class="dropdown dropdown-center w-full"
          >
            <a
              class="btn btn-ghost w-full px-0 text-nowrap"
              role="button"
              tabindex="0"
            >
              <span
                class="px-4 leading-[2.75rem] truncate"
                style="font-size: 14px;"
              >
                Login
              </span>
            </a>
            <div
              class="dropdown-content z-[1] flex"
              tabindex="0"
            />
          </div>
        </div>
        <div
          class="justify-end min-w-12"
        />
      </div>
      <div
        class="flex flex-col w-96 max-w-[100vw] gap-4 px-4 md:mt-16"
      >
        <form
          class="flex flex-col gap-4 mt-8"
        >
          <label
            class="form-control w-full"
            title="Username or email address"
          >
            <div
              class="label"
            >
              <span
                class="label-text"
              >
                Username
              </span>
            </div>
            <input
              autocapitalize="off"
              class="input w-full input-bordered"
              name="username"
              tabindex="1"
              type="text"
              value=""
            />
          </label>
          <label
            class="form-control w-full relative"
            title="Must be at least 8 characters, can't be all numbers"
          >
            <div
              class="label"
            >
              <span
                class="label-text"
              >
                Password
              </span>
            </div>
            <input
              class="input w-full input-bordered"
              name="password"
              tabindex="1"
              type="password"
              value=""
            />
          </label>
          <button
            class="btn btn-accent mt-6"
            disabled=""
            tabindex="1"
          >
            Login
          </button>
        </form>
      </div>
      <div
        class="pb-8"
      >
        <button
          class="text-center text-base-content mt-8 transition-all hover:text-white"
          tabindex="1"
        >
          Create account
        </button>
      </div>
    </div>
    <dialog
      class="modal"
    >
      <div
        class="modal-box text-center flex flex-col pt-4 "
      >
        <form
          method="dialog"
        >
          <button
            class="btn-close absolute right-4 top-4"
          >
            <svg
              aria-hidden="true"
              class="size-8"
              data-slot="icon"
              fill="currentColor"
              viewBox="0 0 16 16"
              xmlns="http://www.w3.org/2000/svg"
            >
              <path
                d="M5.28 4.22a.75.75 0 0 0-1.06 1.06L6.94 8l-2.72 2.72a.75.75 0 1 0 1.06 1.06L8 9.06l2.72 2.72a.75.75 0 1 0 1.06-1.06L9.06 8l2.72-2.72a.75.75 0 0 0-1.06-1.06L8 6.94 5.28 4.22Z"
              />
            </svg>
          </button>
        </form>
      </div>
      <form
        class="modal-backdrop"
        method="dialog"
      >
        <button>
          close
        </button>
      </form>
    </dialog>
  </div>,
  "debug": [Function],
  "findAllByAltText": [Function],
  "findAllByDisplayValue": [Function],
  "findAllByLabelText": [Function],
  "findAllByPlaceholderText": [Function],
  "findAllByRole": [Function],
  "findAllByTestId": [Function],
  "findAllByText": [Function],
  "findAllByTitle": [Function],
  "findByAltText": [Function],
  "findByDisplayValue": [Function],
  "findByLabelText": [Function],
  "findByPlaceholderText": [Function],
  "findByRole": [Function],
  "findByTestId": [Function],
  "findByText": [Function],
  "findByTitle": [Function],
  "getAllByAltText": [Function],
  "getAllByDisplayValue": [Function],
  "getAllByLabelText": [Function],
  "getAllByPlaceholderText": [Function],
  "getAllByRole": [Function],
  "getAllByTestId": [Function],
  "getAllByText": [Function],
  "getAllByTitle": [Function],
  "getByAltText": [Function],
  "getByDisplayValue": [Function],
  "getByLabelText": [Function],
  "getByPlaceholderText": [Function],
  "getByRole": [Function],
  "getByTestId": [Function],
  "getByText": [Function],
  "getByTitle": [Function],
  "queryAllByAltText": [Function],
  "queryAllByDisplayValue": [Function],
  "queryAllByLabelText": [Function],
  "queryAllByPlaceholderText": [Function],
  "queryAllByRole": [Function],
  "queryAllByTestId": [Function],
  "queryAllByText": [Function],
  "queryAllByTitle": [Function],
  "queryByAltText": [Function],
  "queryByDisplayValue": [Function],
  "queryByLabelText": [Function],
  "queryByPlaceholderText": [Function],
  "queryByRole": [Function],
  "queryByTestId": [Function],
  "queryByText": [Function],
  "queryByTitle": [Function],
  "rerender": [Function],
  "unmount": [Function],
}
`;
