// Jest Snapshot v1, https://goo.gl/fbAQLP

exports[`App matches snapshot 1`] = `
{
  "asFragment": [Function],
  "baseElement": <body>
    <div
      id="new_id"
    >
      "0640ec3b-1bed-4b15-a078-d6e7ec66be12"
    </div>
    <div
      id="species_options"
    >
      ["Parlor Palm","Spider Plant","Calathea"]
    </div>
    <div
      id="user_accounts_enabled"
    >
      true
    </div>
    <div>
      <div
        class="container flex flex-col mx-auto items-center mb-8"
      >
        <div
          class="navbar bg-base-100 mb-4 sticky top-0 z-99"
        >
          <div
            class="dropdown justify-start min-w-12"
          >
            <div
              aria-label="Navigation menu"
              class="btn btn-ghost btn-circle size-12"
              role="button"
              tabindex="0"
            >
              <svg
                class="size-5"
                fill="none"
                stroke="currentColor"
                viewBox="0 0 24 24"
                xmlns="http://www.w3.org/2000/svg"
              >
                <path
                  d="M4 6h16M4 12h16M4 18h7"
                  stroke-linecap="round"
                  stroke-linejoin="round"
                  stroke-width="2"
                />
              </svg>
            </div>
            <ul
              class="dropdown-content menu z-90 shadow-sm bg-base-300 rounded-box mt-3"
              tabindex="0"
            >
              <li>
                <a
                  href="/"
                >
                  Overview
                </a>
              </li>
              <li>
                <a
                  href="/accounts/profile/"
                >
                  User profile
                </a>
              </li>
              <li>
                <button>
                  Light mode
                </button>
              </li>
            </ul>
          </div>
          <div
            class="mx-auto shrink min-w-0"
            title="Scroll to top"
          >
            <div
              class="dropdown dropdown-center w-full"
            >
              <a
                class="btn btn-ghost w-full px-0 text-nowrap"
                role="button"
                tabindex="0"
              >
                <span
                  class="px-4 leading-[2.75rem] truncate"
                  style="font-size: 14px;"
                >
                  Registration
                </span>
              </a>
              <div
                class="dropdown-content z-1 flex"
                tabindex="0"
              />
            </div>
          </div>
          <div
            class="justify-end min-w-12"
          />
        </div>
        <div
          class="flex flex-col w-96 max-w-[100vw] px-4"
        >
          <div
            aria-orientation="horizontal"
            class="tab-group"
            role="tablist"
          >
            <button
              aria-controls="headlessui-tabs-panel-:r2:"
              aria-selected="true"
              class="tab-option tab-option-selected"
              data-headlessui-state="selected"
              id="headlessui-tabs-tab-:r0:"
              role="tab"
              tabindex="0"
              type="button"
            >
              Plant
            </button>
            <button
              aria-controls="headlessui-tabs-panel-:r4:"
              aria-selected="false"
              class="tab-option"
              data-headlessui-state=""
              id="headlessui-tabs-tab-:r1:"
              role="tab"
              tabindex="-1"
              type="button"
            >
              Group
            </button>
          </div>
          <div
            class="my-4 md:my-8"
          >
            <div
              aria-labelledby="headlessui-tabs-tab-:r0:"
              data-headlessui-state="selected"
              id="headlessui-tabs-panel-:r2:"
              role="tabpanel"
              tabindex="0"
            >
              <form
                class="flex flex-col gap-4"
                id="plantDetails"
              >
                <label>
                  <span>
                    Plant name
                  </span>
                  <input
                    class="input w-full"
                    name="name"
                    type="text"
                    value=""
                  />
                </label>
                <label
                  class="relative"
                >
                  <span>
                    Plant species
                  </span>
                  <input
                    aria-autocomplete="list"
                    aria-expanded="false"
                    autocomplete="off"
                    class="input w-full"
                    data-headlessui-state=""
                    id="headlessui-combobox-input-:r3:"
                    name="species"
                    role="combobox"
                    type="text"
                    value=""
                  />
                </label>
                <label>
                  <span>
                    Pot size
                  </span>
                  <input
                    class="input w-full"
                    inputmode="numeric"
                    name="pot_size"
                    type="text"
                    value=""
                  />
                </label>
                <label>
                  <span>
                    Description
                  </span>
                  <textarea
                    class="textarea w-full"
                    name="description"
                  />
                </label>
              </form>
            </div>
            <span
              aria-hidden="true"
              aria-labelledby="headlessui-tabs-tab-:r1:"
              id="headlessui-tabs-panel-:r4:"
              role="tabpanel"
              style="position: fixed; top: 1px; left: 1px; width: 1px; height: 0px; padding: 0px; margin: -1px; overflow: hidden; clip: rect(0px, 0px, 0px, 0px); white-space: nowrap; border-width: 0px;"
              tabindex="-1"
            />
          </div>
          <button
            class="btn btn-accent mx-auto"
          >
            Save
          </button>
        </div>
      </div>
    </div>
  </body>,
  "container": <div>
    <div
      class="container flex flex-col mx-auto items-center mb-8"
    >
      <div
        class="navbar bg-base-100 mb-4 sticky top-0 z-99"
      >
        <div
          class="dropdown justify-start min-w-12"
        >
          <div
            aria-label="Navigation menu"
            class="btn btn-ghost btn-circle size-12"
            role="button"
            tabindex="0"
          >
            <svg
              class="size-5"
              fill="none"
              stroke="currentColor"
              viewBox="0 0 24 24"
              xmlns="http://www.w3.org/2000/svg"
            >
              <path
                d="M4 6h16M4 12h16M4 18h7"
                stroke-linecap="round"
                stroke-linejoin="round"
                stroke-width="2"
              />
            </svg>
          </div>
          <ul
            class="dropdown-content menu z-90 shadow-sm bg-base-300 rounded-box mt-3"
            tabindex="0"
          >
            <li>
              <a
                href="/"
              >
                Overview
              </a>
            </li>
            <li>
              <a
                href="/accounts/profile/"
              >
                User profile
              </a>
            </li>
            <li>
              <button>
                Light mode
              </button>
            </li>
          </ul>
        </div>
        <div
          class="mx-auto shrink min-w-0"
          title="Scroll to top"
        >
          <div
            class="dropdown dropdown-center w-full"
          >
            <a
              class="btn btn-ghost w-full px-0 text-nowrap"
              role="button"
              tabindex="0"
            >
              <span
                class="px-4 leading-[2.75rem] truncate"
                style="font-size: 14px;"
              >
                Registration
              </span>
            </a>
            <div
              class="dropdown-content z-1 flex"
              tabindex="0"
            />
          </div>
        </div>
        <div
          class="justify-end min-w-12"
        />
      </div>
      <div
        class="flex flex-col w-96 max-w-[100vw] px-4"
      >
        <div
          aria-orientation="horizontal"
          class="tab-group"
          role="tablist"
        >
          <button
            aria-controls="headlessui-tabs-panel-:r2:"
            aria-selected="true"
            class="tab-option tab-option-selected"
            data-headlessui-state="selected"
            id="headlessui-tabs-tab-:r0:"
            role="tab"
            tabindex="0"
            type="button"
          >
            Plant
          </button>
          <button
            aria-controls="headlessui-tabs-panel-:r4:"
            aria-selected="false"
            class="tab-option"
            data-headlessui-state=""
            id="headlessui-tabs-tab-:r1:"
            role="tab"
            tabindex="-1"
            type="button"
          >
            Group
          </button>
        </div>
        <div
          class="my-4 md:my-8"
        >
          <div
            aria-labelledby="headlessui-tabs-tab-:r0:"
            data-headlessui-state="selected"
            id="headlessui-tabs-panel-:r2:"
            role="tabpanel"
            tabindex="0"
          >
            <form
              class="flex flex-col gap-4"
              id="plantDetails"
            >
              <label>
                <span>
                  Plant name
                </span>
                <input
                  class="input w-full"
                  name="name"
                  type="text"
                  value=""
                />
              </label>
              <label
                class="relative"
              >
                <span>
                  Plant species
                </span>
                <input
                  aria-autocomplete="list"
                  aria-expanded="false"
                  autocomplete="off"
                  class="input w-full"
                  data-headlessui-state=""
                  id="headlessui-combobox-input-:r3:"
                  name="species"
                  role="combobox"
                  type="text"
                  value=""
                />
              </label>
              <label>
                <span>
                  Pot size
                </span>
                <input
                  class="input w-full"
                  inputmode="numeric"
                  name="pot_size"
                  type="text"
                  value=""
                />
              </label>
              <label>
                <span>
                  Description
                </span>
                <textarea
                  class="textarea w-full"
                  name="description"
                />
              </label>
            </form>
          </div>
          <span
            aria-hidden="true"
            aria-labelledby="headlessui-tabs-tab-:r1:"
            id="headlessui-tabs-panel-:r4:"
            role="tabpanel"
            style="position: fixed; top: 1px; left: 1px; width: 1px; height: 0px; padding: 0px; margin: -1px; overflow: hidden; clip: rect(0px, 0px, 0px, 0px); white-space: nowrap; border-width: 0px;"
            tabindex="-1"
          />
        </div>
        <button
          class="btn btn-accent mx-auto"
        >
          Save
        </button>
      </div>
    </div>
  </div>,
  "debug": [Function],
  "findAllByAltText": [Function],
  "findAllByDisplayValue": [Function],
  "findAllByLabelText": [Function],
  "findAllByPlaceholderText": [Function],
  "findAllByRole": [Function],
  "findAllByTestId": [Function],
  "findAllByText": [Function],
  "findAllByTitle": [Function],
  "findByAltText": [Function],
  "findByDisplayValue": [Function],
  "findByLabelText": [Function],
  "findByPlaceholderText": [Function],
  "findByRole": [Function],
  "findByTestId": [Function],
  "findByText": [Function],
  "findByTitle": [Function],
  "getAllByAltText": [Function],
  "getAllByDisplayValue": [Function],
  "getAllByLabelText": [Function],
  "getAllByPlaceholderText": [Function],
  "getAllByRole": [Function],
  "getAllByTestId": [Function],
  "getAllByText": [Function],
  "getAllByTitle": [Function],
  "getByAltText": [Function],
  "getByDisplayValue": [Function],
  "getByLabelText": [Function],
  "getByPlaceholderText": [Function],
  "getByRole": [Function],
  "getByTestId": [Function],
  "getByText": [Function],
  "getByTitle": [Function],
  "queryAllByAltText": [Function],
  "queryAllByDisplayValue": [Function],
  "queryAllByLabelText": [Function],
  "queryAllByPlaceholderText": [Function],
  "queryAllByRole": [Function],
  "queryAllByTestId": [Function],
  "queryAllByText": [Function],
  "queryAllByTitle": [Function],
  "queryByAltText": [Function],
  "queryByDisplayValue": [Function],
  "queryByLabelText": [Function],
  "queryByPlaceholderText": [Function],
  "queryByRole": [Function],
  "queryByTestId": [Function],
  "queryByText": [Function],
  "queryByTitle": [Function],
  "rerender": [Function],
  "unmount": [Function],
}
`;
