// Jest Snapshot v1, https://goo.gl/fbAQLP

exports[`App matches snapshot 1`] = `
<div>
  <div
    class="container flex flex-col h-screen mx-auto items-center gap-16"
  >
    <div
      class="navbar bg-base-100 mb-4 sticky top-0 z-99"
    >
      <div
        class="dropdown justify-start min-w-12"
      >
        <div
          aria-label="Navigation menu"
          class="btn btn-ghost btn-circle size-12"
          role="button"
          tabindex="0"
        >
          <svg
            class="size-5"
            fill="none"
            stroke="currentColor"
            viewBox="0 0 24 24"
            xmlns="http://www.w3.org/2000/svg"
          >
            <path
              d="M4 6h16M4 12h16M4 18h7"
              stroke-linecap="round"
              stroke-linejoin="round"
              stroke-width="2"
            />
          </svg>
        </div>
        <ul
          class="dropdown-content menu z-90 shadow-sm bg-base-300 rounded-box mt-3"
          tabindex="0"
        >
          <li>
            <a
              href="/"
            >
              Overview
            </a>
          </li>
          <li>
            <a
              href="/accounts/profile/"
            >
              User profile
            </a>
          </li>
          <li>
            <button>
              Light mode
            </button>
          </li>
        </ul>
      </div>
      <div
        class="mx-auto shrink min-w-0"
        title="Scroll to top"
      >
        <div
          class="dropdown dropdown-center w-full"
        >
          <a
            class="btn btn-ghost w-full px-0 text-nowrap"
            role="button"
            tabindex="0"
          >
            <span
              class="px-4 leading-[2.75rem] truncate"
              style="font-size: 14px;"
            >
              Permission Denied
            </span>
          </a>
          <div
            class="dropdown-content z-1 flex"
            tabindex="0"
          />
        </div>
      </div>
      <div
        class="justify-end min-w-12"
      />
    </div>
    <div
      class="flex flex-col text-center text-lg mt-[15vh]"
    >
      You do not have permission to view this
    </div>
    <a
      class="btn btn-accent"
      href="/"
    >
      Go to Overview
    </a>
  </div>
</div>
`;
